C:\Projects\LiquidControlInTank\Logical\Global.typ
C:\Projects\LiquidControlInTank\Logical\Global.var
C:\Projects\LiquidControlInTank\Logical\Libraries\operator\operator.fun
C:\Projects\LiquidControlInTank\Logical\Libraries\operator\operator.typ
C:\Projects\LiquidControlInTank\Logical\Libraries\operator\operator.var
C:\Projects\LiquidControlInTank\Logical\Libraries\runtime\runtime.fun
C:\Projects\LiquidControlInTank\Logical\Libraries\runtime\runtime.typ
C:\Projects\LiquidControlInTank\Logical\Libraries\runtime\runtime.var
C:\Projects\LiquidControlInTank\Logical\Libraries\astime\astime.fun
C:\Projects\LiquidControlInTank\Logical\Libraries\astime\astime.typ
C:\Projects\LiquidControlInTank\Logical\Libraries\astime\astime.var
C:\Projects\LiquidControlInTank\Logical\Libraries\AsIecCon\AsIecCon.fun
C:\Projects\LiquidControlInTank\Logical\Libraries\AsIecCon\AsIecCon.typ
C:\Projects\LiquidControlInTank\Logical\Libraries\AsIecCon\AsIecCon.var
C:\Projects\LiquidControlInTank\Logical\Libraries\asstring\asstring.fun
C:\Projects\LiquidControlInTank\Logical\Libraries\asstring\asstring.typ
C:\Projects\LiquidControlInTank\Logical\Libraries\asstring\asstring.var
C:\Projects\LiquidControlInTank\Logical\Libraries\AsBrStr\AsBrStr.fun
C:\Projects\LiquidControlInTank\Logical\Libraries\AsBrStr\AsBrStr.typ
C:\Projects\LiquidControlInTank\Logical\Libraries\AsBrStr\AsBrStr.var
C:\Projects\LiquidControlInTank\Logical\Libraries\DRV_mbus\DRV_mbus.fun
C:\Projects\LiquidControlInTank\Logical\Libraries\DRV_mbus\DRV_mbus.typ
C:\Projects\LiquidControlInTank\Logical\Libraries\DRV_mbus\DRV_mbus.var
C:\Projects\LiquidControlInTank\Logical\Libraries\DataObj\DataObj.fun
C:\Projects\LiquidControlInTank\Logical\Libraries\DataObj\DataObj.typ
C:\Projects\LiquidControlInTank\Logical\Libraries\DataObj\DataObj.var
C:\Projects\LiquidControlInTank\Logical\Libraries\standard\standard.fun
C:\Projects\LiquidControlInTank\Logical\Libraries\standard\standard.typ
C:\Projects\LiquidControlInTank\Logical\Libraries\standard\standard.var
C:\Projects\LiquidControlInTank\Logical\Libraries\become\Types.typ
C:\Projects\LiquidControlInTank\Logical\Libraries\become\Constants.var
C:\Projects\LiquidControlInTank\Logical\Libraries\become\become.fun
C:\Projects\LiquidControlInTank\Logical\Libraries\dvframe\dvframe.fun
C:\Projects\LiquidControlInTank\Logical\Libraries\dvframe\dvframe.typ
C:\Projects\LiquidControlInTank\Logical\Libraries\dvframe\dvframe.var
C:\Projects\LiquidControlInTank\Logical\Modbus\Types.typ
C:\Projects\LiquidControlInTank\Logical\Modbus\Variables.var
C:\Projects\LiquidControlInTank\Temp\Objects\Config3\X20CP1301\Visu_1\Visu_1Global.typ
C:\Projects\LiquidControlInTank\Temp\Objects\Config3\X20CP1301\Visu_1\Visu_1Global.var
C:\Projects\LiquidControlInTank\Temp\Objects\Config3\X20CP1301\Main_Progr\Main_ProgrGlobal.typ
C:\Projects\LiquidControlInTank\Temp\Objects\Config3\X20CP1301\Main_Progr\Main_ProgrGlobal.var
C:\Projects\LiquidControlInTank\Temp\Objects\Config3\X20CP1301\Slave\SlaveGlobal.typ
C:\Projects\LiquidControlInTank\Temp\Objects\Config3\X20CP1301\Slave\SlaveGlobal.var
